C51 COMPILER V9.59.0.0   1                                                                 07/09/2021 10:07:45 PAGE 1   


C51 COMPILER V9.59.0.0, COMPILATION OF MODULE 1
OBJECT MODULE PLACED IN 1.OBJ
COMPILER INVOKED BY: C:\Keil_v5\C51\BIN\C51.EXE 1.c LARGE OPTIMIZE(9,SPEED) BROWSE DEBUG OBJECTEXTEND TABS(2)

line level    source

   1          
   2          
   3          #include<STC15.h>
   4          #include<intrins.h> 
   5          #define uint  unsigned int
   6          #define uchar unsigned char
   7          #define uchar unsigned char
   8          #define unt unsigned int
   9          
  10          
  11          
  12          sbit cs=P2^2; 
  13          sbit clk=P2^3; 
  14          sbit din=P2^4; 
  15          sbit reset =P2^1;//注意 若模组无RESET 则模组内已经内置RC复位电路。无需此IO
  16          
  17          
  18          
  19          
  20          
  21          
  22          unsigned char  ziku_data[][5]  ={ 
  23           0x7f,0x7f,0x41,0x7f,0x7f, // 0
  24           0x00,0x06,0x7f,0x7f,0x00, // 1
  25           0x79,0x79,0x49,0x4f,0x4f, // 2
  26           0x49,0x49,0x49,0x7f,0x7f, // 3
  27           0x0f,0x0f,0x08,0x7f,0x7f, // 4
  28           0x4f,0x4f,0x49,0x79,0x79, // 5
  29           0x7f,0x7f,0x49,0x79,0x78, // 6
  30           0x01,0x01,0x71,0x7f,0x0f, // 7
  31           0x7f,0x7f,0x49,0x7f,0x7f, // 8
  32           0x0f,0x4f,0x49,0x7f,0x7f, // 9
  33           0x00,0x00,0x36,0x36,0x00, // : 10
  34          
  35            };
  36          
  37          
  38          
  39                                                                                                        
  40          uchar liang;     //调整
  41          
  42          
  43          int  temp8;
  44          
  45            
  46          /////////////////////////////////////////////////////////////////////////
  47          void delay();  
  48          
  49          void write_6302(unsigned char w_data); 
  50          
  51          void VFD_cmd(unsigned char command); 
  52          
  53          void VFD_addr(unsigned char addr); 
  54          
  55          void S1201_show(void);
C51 COMPILER V9.59.0.0   1                                                                 07/09/2021 10:07:45 PAGE 2   

  56          
  57          void S1201_WriteOneChar(unsigned char x, unsigned char chr);
  58          
  59          void S1201_WriteStr(unsigned char x, char *str);
  60          
  61          void S1201_WriteUserFont(unsigned char x,unsigned char y, unsigned char *str);
  62          
  63          void delay2(); 
  64          
  65          void delay3(); 
  66          
  67          void VFD_init();
  68          
  69          /////////////////////////////////////////////////////////////////////////
  70          
  71          void delayx(uint z)    //延时子程序 约1MS
  72          {
  73   1         uint x,y;
  74   1         for(x=z;x>0;x--)
  75   1         for(y=1000;y>0;y--);
  76   1      }
  77          
  78          void delay() //2US
  79          
  80          {  
  81   1      unsigned char i;
  82   1      
  83   1        i = 3;
  84   1        while (--i);
  85   1      
  86   1      } 
  87          
  88          void delay3(uint z)
  89          { 
  90   1       
  91   1         uint x,y;
  92   1         for(x=z;x>0;x--)
  93   1         for(y=1000;y>0;y--);
  94   1      }
  95          
  96          void write_6302(unsigned char w_data)
  97           { 
  98   1          unsigned char i;      
  99   1          for(i=0;i<8;i++)   
 100   1          {  
 101   2              clk=0;    
 102   2              if( (w_data&0x01) == 0x01)       
 103   2            { 
 104   3                 din=1;      
 105   3                }        
 106   2          else       
 107   2       { 
 108   3                  din=0;    
 109   3        } 
 110   2           w_data>>=1;              
 111   2           clk=1;    
 112   2         
 113   2        }
 114   1       }
 115           
 116           
 117            
C51 COMPILER V9.59.0.0   1                                                                 07/09/2021 10:07:45 PAGE 3   

 118          void VFD_cmd(unsigned char command) 
 119          { 
 120   1        cs=0;    
 121   1        write_6302(command);    
 122   1        cs=1;    
 123   1        delay();
 124   1      } 
 125          
 126          void VFD_init()
 127           { 
 128   1         cs=0;
 129   1         write_6302(0xe0);  
 130   1         write_6302(0x0f);//显示位数 16位0X0F
 131   1         cs=1;
 132   1         delay();
 133   1      
 134   1         cs=0;
 135   1         write_6302(0xe4); 
 136   1         write_6302(0xff);//亮度0-255
 137   1         cs=1;
 138   1         delay();
 139   1      //  VFD_cmd(0xe9);
 140   1        } 
 141          
 142          
 143          /******************************
 144          *用于更新当前屏幕显示
 145          *******************************/
 146          void S1201_show(void)
 147          {
 148   1        cs=0; //开始传输
 149   1        write_6302(0xe8);//地址寄存器起始位置
 150   1        cs=1; //停止传输
 151   1      }
 152          
 153          /******************************
 154          *用于亮度设定
 155          *******************************/
 156          void liangset()
 157          {
 158   1      
 159   1        cs=0;
 160   1        write_6302(0xe4);  
 161   1        write_6302(liang);//亮度值数据
 162   1        cs=1;
 163   1        delay();
 164   1          
 165   1      }
 166          
 167          /******************************
 168          *在指定位置打印一个字符(用户自定义,所有CG-ROM中的)
 169          *x:0~11;chr:要显示的字符编码
 170          *******************************/
 171          void S1201_WriteOneChar(unsigned char x, unsigned char chr)
 172          {
 173   1        cs=0; //开始传输 
 174   1        write_6302(0x20+x);//地址寄存器起始位置
 175   1        write_6302(chr+0x30); 
 176   1        cs=1; //停止传输
 177   1        //S1201_show(); 
 178   1      }
 179          
C51 COMPILER V9.59.0.0   1                                                                 07/09/2021 10:07:45 PAGE 4   

 180          
 181          
 182          /******************************
 183          *在指定位置打印字符串
 184          *(仅适用于英文,标点,数字)
 185          *x:0~11;str:要显示的字符串
 186          *******************************/
 187          void S1201_WriteStr(unsigned char x, char *str)
 188          {
 189   1        cs=0; //开始传输 
 190   1        write_6302(0x20+x);//地址寄存器起始位置
 191   1        
 192   1        while (*str) 
 193   1        {
 194   2          write_6302(*str); //ascii与对应字符表转换 
 195   2          str++;
 196   2        } 
 197   1        cs=1; //停止传输
 198   1        
 199   1        //S1201_show(); 
 200   1      }
 201          
 202          /******************************
 203          *自定义字符(总共支持8个自定义字符)
 204          *取模时,自上到下:低位到高位;自左到右;
 205          *x:0~7;str:字模(5个8位的数组)
 206          *******************************/
 207          void S1201_WriteUserFont(unsigned char x, unsigned char y,unsigned char *s)
 208          {
 209   1        unsigned char i=0;
 210   1          unsigned char ii=0;
 211   1        cs=0; //开始传输 
 212   1        write_6302(0x40+y);//地址寄存器起始位置
 213   1        
 214   1          for(i=0;i<5;i++)
 215   1           write_6302(s[i]);
 216   1        cs=1; //停止传输
 217   1      
 218   1        cs=0;
 219   1        write_6302(0x20+x);
 220   1        write_6302(0x00+y);   
 221   1        cs=1;
 222   1      
 223   1        //S1201_show();
 224   1      }
 225          
 226          
 227          void main() 
 228          {      
 229   1         
 230   1        P1M0=0x00; 
 231   1        P1M1=0x00;    
 232   1        P2M0=0x00; 
 233   1        P2M1=0x00;
 234   1        P3M0=0x00;
 235   1        P3M1=0x00;
 236   1      
 237   1      
 238   1        reset=0;
 239   1        delay3(50);//注意reset时间是否满足屏reset要求时序
 240   1        reset=1;
 241   1        
C51 COMPILER V9.59.0.0   1                                                                 07/09/2021 10:07:45 PAGE 5   

 242   1        VFD_init();
 243   1        VFD_cmd(0xE9);// all test
 244   1        delayx(1000);
 245   1        
 246   1        VFD_init();
 247   1         
 248   1         while(1)
 249   1       {
 250   2         S1201_WriteOneChar(0,0);//首位字符0
 251   2         S1201_WriteStr(1,"L");//2号位字符L
 252   2         S1201_WriteUserFont(2,2,ziku_data[2]);//3号位字符 自定义字库中字模
 253   2         S1201_WriteUserFont(3,3,ziku_data[3]);
 254   2         S1201_WriteUserFont(4,4,ziku_data[4]);
 255   2         S1201_WriteUserFont(5,5,ziku_data[5]);
 256   2         S1201_WriteUserFont(6,6,ziku_data[6]);
 257   2         S1201_WriteUserFont(7,7,ziku_data[7]);
 258   2         S1201_show();
 259   2         
 260   2        }   //while
 261   1      }  //main
 262          
 263          


MODULE INFORMATION:   STATIC OVERLAYABLE
   CODE SIZE        =    439    ----
   CONSTANT SIZE    =      2    ----
   XDATA SIZE       =     58       5
   PDATA SIZE       =   ----    ----
   DATA SIZE        =   ----    ----
   IDATA SIZE       =   ----    ----
   BIT SIZE         =   ----    ----
END OF MODULE INFORMATION.


C51 COMPILATION COMPLETE.  0 WARNING(S),  0 ERROR(S)
