BL51 BANKED LINKER/LOCATER V6.22.2.0                                                    07/09/2021  10:07:45  PAGE 1


BL51 BANKED LINKER/LOCATER V6.22.2.0, INVOKED BY:
C:\KEIL_V5\C51\BIN\BL51.EXE STARTUP.obj, 1.obj TO 1 RAMSIZE (256)


MEMORY MODEL: LARGE


INPUT MODULES INCLUDED:
  STARTUP.obj (?C_STARTUP)
  1.obj (1)
  C:\KEIL_V5\C51\LIB\C51L.LIB (?C_INIT)
  C:\KEIL_V5\C51\LIB\C51L.LIB (?C?CLDPTR)
  C:\KEIL_V5\C51\LIB\C51L.LIB (?C?CLDOPTR)


LINK MAP OF MODULE:  1 (?C_STARTUP)


            TYPE    BASE      LENGTH    RELOCATION   SEGMENT NAME
            -----------------------------------------------------

            * * * * * * *   D A T A   M E M O R Y   * * * * * * *
            REG     0000H     0008H     ABSOLUTE     "REG BANK 0"
            IDATA   0008H     0001H     UNIT         ?STACK

            * * * * * * *  X D A T A   M E M O R Y  * * * * * * *
            XDATA   0000H     003AH     UNIT         ?XD?1
            XDATA   003AH     0005H     UNIT         _XDATA_GROUP_

            * * * * * * *   C O D E   M E M O R Y   * * * * * * *
            CODE    0000H     0003H     ABSOLUTE     
            CODE    0003H     008CH     UNIT         ?C_C51STARTUP
            CODE    008FH     0087H     UNIT         ?PR?MAIN?1
            CODE    0116H     0055H     UNIT         ?PR?_S1201_WRITEUSERFONT?1
            CODE    016BH     0046H     UNIT         ?C?LIB_CODE
            CODE    01B1H     003CH     UNIT         ?C_INITSEG
            CODE    01EDH     002BH     UNIT         ?PR?_WRITE_6302?1
            CODE    0218H     0022H     UNIT         ?PR?VFD_INIT?1
            CODE    023AH     001EH     UNIT         ?PR?_DELAYX?1
            CODE    0258H     001EH     UNIT         ?PR?_DELAY3?1
            CODE    0276H     0018H     UNIT         ?PR?_S1201_WRITESTR?1
            CODE    028EH     0014H     UNIT         ?PR?LIANGSET?1
            CODE    02A2H     000DH     UNIT         ?PR?_S1201_WRITEONECHAR?1
            CODE    02AFH     000AH     UNIT         ?PR?_VFD_CMD?1
            CODE    02B9H     000AH     UNIT         ?PR?S1201_SHOW?1
            CODE    02C3H     0005H     UNIT         ?PR?DELAY?1
            CODE    02C8H     0002H     UNIT         ?CO?1



OVERLAY MAP OF MODULE:   1 (?C_STARTUP)


SEGMENT                              XDATA_GROUP
  +--> CALLED SEGMENT              START    LENGTH
--------------------------------------------------
?C_C51STARTUP                      -----    -----
  +--> ?PR?MAIN?1
BL51 BANKED LINKER/LOCATER V6.22.2.0                                                  07/09/2021  10:07:45  PAGE 2


  +--> ?C_INITSEG

?PR?MAIN?1                         -----    -----
  +--> ?PR?_DELAY3?1
  +--> ?PR?VFD_INIT?1
  +--> ?PR?_VFD_CMD?1
  +--> ?PR?_DELAYX?1
  +--> ?PR?_S1201_WRITEONECHAR?1
  +--> ?CO?1
  +--> ?PR?_S1201_WRITESTR?1
  +--> ?PR?_S1201_WRITEUSERFONT?1
  +--> ?PR?S1201_SHOW?1

?PR?VFD_INIT?1                     -----    -----
  +--> ?PR?_WRITE_6302?1
  +--> ?PR?DELAY?1

?PR?_VFD_CMD?1                     -----    -----
  +--> ?PR?_WRITE_6302?1
  +--> ?PR?DELAY?1

?PR?_S1201_WRITEONECHAR?1          -----    -----
  +--> ?PR?_WRITE_6302?1

?PR?_S1201_WRITESTR?1              -----    -----
  +--> ?PR?_WRITE_6302?1

?PR?_S1201_WRITEUSERFONT?1         003AH    0005H
  +--> ?PR?_WRITE_6302?1

?PR?S1201_SHOW?1                   -----    -----
  +--> ?PR?_WRITE_6302?1



SYMBOL TABLE OF MODULE:  1 (?C_STARTUP)

  VALUE           TYPE          NAME
  ----------------------------------

  -------         MODULE        ?C_STARTUP
  C:0003H         SEGMENT       ?C_C51STARTUP
  I:0008H         SEGMENT       ?STACK
  C:0000H         PUBLIC        ?C_STARTUP
  D:00E0H         SYMBOL        ACC
  D:00F0H         SYMBOL        B
  D:0083H         SYMBOL        DPH
  D:0082H         SYMBOL        DPL
  N:0000H         SYMBOL        IBPSTACK
  N:0100H         SYMBOL        IBPSTACKTOP
  N:0080H         SYMBOL        IDATALEN
  C:0006H         SYMBOL        IDATALOOP
  N:0000H         SYMBOL        PBPSTACK
  N:0100H         SYMBOL        PBPSTACKTOP
  N:0000H         SYMBOL        PDATALEN
  N:0000H         SYMBOL        PDATASTART
  N:0000H         SYMBOL        PPAGE
BL51 BANKED LINKER/LOCATER V6.22.2.0                                                  07/09/2021  10:07:45  PAGE 3


  N:0000H         SYMBOL        PPAGEENABLE
  D:00A0H         SYMBOL        PPAGE_SFR
  D:0081H         SYMBOL        SP
  C:0003H         SYMBOL        STARTUP1
  N:0000H         SYMBOL        XBPSTACK
  N:0000H         SYMBOL        XBPSTACKTOP
  N:0000H         SYMBOL        XDATALEN
  N:0000H         SYMBOL        XDATASTART
  C:0000H         LINE#         126
  C:0003H         LINE#         133
  C:0005H         LINE#         134
  C:0006H         LINE#         135
  C:0007H         LINE#         136
  C:0009H         LINE#         185
  C:000CH         LINE#         196
  -------         ENDMOD        ?C_STARTUP

  -------         MODULE        1
  C:0000H         SYMBOL        _ICE_DUMMY_
  D:0092H         PUBLIC        P1M0
  D:0096H         PUBLIC        P2M0
  D:0091H         PUBLIC        P1M1
  D:0080H         PUBLIC        P0
  D:00B2H         PUBLIC        P3M0
  D:0095H         PUBLIC        P2M1
  D:0090H         PUBLIC        P1
  D:00B1H         PUBLIC        P3M1
  D:00A0H         PUBLIC        P2
  D:00B0H         PUBLIC        P3
  D:00C0H         PUBLIC        P4
  D:00C8H         PUBLIC        P5
  D:00E8H         PUBLIC        P6
  D:00F8H         PUBLIC        P7
  C:023AH         PUBLIC        _delayx
  X:0000H         PUBLIC        liang
  D:00A8H         PUBLIC        IE
  C:02C3H         PUBLIC        delay
  D:00B8H         PUBLIC        IP
  D:00D8H         PUBLIC        CCON
  B:00A0H.1       PUBLIC        reset
  C:008FH         PUBLIC        main
  C:02A2H         PUBLIC        _S1201_WriteOneChar
  D:0098H         PUBLIC        SCON
  D:0088H         PUBLIC        TCON
  B:00A0H.3       PUBLIC        clk
  C:02B9H         PUBLIC        S1201_show
  B:00A0H.4       PUBLIC        din
  C:0276H         PUBLIC        _S1201_WriteStr
  X:0001H         PUBLIC        ziku_data
  C:0116H         PUBLIC        _S1201_WriteUserFont
  C:0258H         PUBLIC        _delay3
  B:00A0H.2       PUBLIC        cs
  C:01F3H         PUBLIC        _write_6302
  C:028EH         PUBLIC        liangset
  X:0038H         PUBLIC        temp8
  C:02AFH         PUBLIC        _VFD_cmd
  C:0218H         PUBLIC        VFD_init
BL51 BANKED LINKER/LOCATER V6.22.2.0                                                  07/09/2021  10:07:45  PAGE 4


  D:00D0H         PUBLIC        PSW
  -------         PROC          _DELAYX
  D:0006H         SYMBOL        z
  -------         DO            
  D:0006H         SYMBOL        x
  D:0004H         SYMBOL        y
  -------         ENDDO         
  C:023AH         LINE#         71
  C:023AH         LINE#         72
  C:023AH         LINE#         74
  C:0243H         LINE#         75
  C:0257H         LINE#         76
  -------         ENDPROC       _DELAYX
  -------         PROC          DELAY
  -------         DO            
  D:0007H         SYMBOL        i
  -------         ENDDO         
  C:02C3H         LINE#         78
  C:02C3H         LINE#         80
  C:02C3H         LINE#         83
  C:02C5H         LINE#         84
  C:02C7H         LINE#         86
  -------         ENDPROC       DELAY
  -------         PROC          _DELAY3
  D:0006H         SYMBOL        z
  -------         DO            
  D:0006H         SYMBOL        x
  D:0004H         SYMBOL        y
  -------         ENDDO         
  C:0258H         LINE#         88
  C:0258H         LINE#         89
  C:0258H         LINE#         92
  C:0261H         LINE#         93
  C:0275H         LINE#         94
  -------         ENDPROC       _DELAY3
  -------         PROC          L?0044
  -------         ENDPROC       L?0044
  -------         PROC          _WRITE_6302
  D:0007H         SYMBOL        w_data
  -------         DO            
  D:0006H         SYMBOL        i
  -------         ENDDO         
  C:01F3H         LINE#         96
  C:01F3H         LINE#         97
  C:01F3H         LINE#         99
  C:01FFH         LINE#         100
  C:01FFH         LINE#         101
  C:0201H         LINE#         102
  C:0208H         LINE#         103
  C:0208H         LINE#         104
  C:020AH         LINE#         105
  C:020CH         LINE#         107
  C:020CH         LINE#         108
  C:020EH         LINE#         109
  C:020EH         LINE#         110
  C:0212H         LINE#         111
  C:0214H         LINE#         113
BL51 BANKED LINKER/LOCATER V6.22.2.0                                                  07/09/2021  10:07:45  PAGE 5


  C:0217H         LINE#         114
  -------         ENDPROC       _WRITE_6302
  -------         PROC          _VFD_CMD
  D:0007H         SYMBOL        command
  C:02AFH         LINE#         118
  C:02AFH         LINE#         119
  C:02AFH         LINE#         120
  C:02B1H         LINE#         121
  C:02B4H         LINE#         122
  C:02B6H         LINE#         123
  -------         ENDPROC       _VFD_CMD
  -------         PROC          VFD_INIT
  C:0218H         LINE#         126
  C:0218H         LINE#         127
  C:0218H         LINE#         128
  C:021AH         LINE#         129
  C:021FH         LINE#         130
  C:0224H         LINE#         131
  C:0226H         LINE#         132
  C:0229H         LINE#         134
  C:022BH         LINE#         135
  C:0230H         LINE#         136
  C:0235H         LINE#         137
  C:0237H         LINE#         138
  -------         ENDPROC       VFD_INIT
  -------         PROC          S1201_SHOW
  C:02B9H         LINE#         146
  C:02B9H         LINE#         147
  C:02B9H         LINE#         148
  C:02BBH         LINE#         149
  C:02C0H         LINE#         150
  C:02C2H         LINE#         151
  -------         ENDPROC       S1201_SHOW
  -------         PROC          LIANGSET
  C:028EH         LINE#         156
  C:028EH         LINE#         157
  C:028EH         LINE#         159
  C:0290H         LINE#         160
  C:0295H         LINE#         161
  C:029DH         LINE#         162
  C:029FH         LINE#         163
  -------         ENDPROC       LIANGSET
  -------         PROC          _S1201_WRITEONECHAR
  D:0007H         SYMBOL        x
  D:0005H         SYMBOL        chr
  C:02A2H         LINE#         171
  C:02A2H         LINE#         172
  C:02A2H         LINE#         173
  C:02A2H         LINE#         174
  C:02A5H         LINE#         175
  C:02ACH         LINE#         176
  C:02AEH         LINE#         178
  -------         ENDPROC       _S1201_WRITEONECHAR
  -------         PROC          _S1201_WRITESTR
  D:0007H         SYMBOL        x
  D:0001H         SYMBOL        str
  C:0276H         LINE#         187
BL51 BANKED LINKER/LOCATER V6.22.2.0                                                  07/09/2021  10:07:45  PAGE 6


  C:0276H         LINE#         188
  C:0276H         LINE#         189
  C:0276H         LINE#         190
  C:0279H         LINE#         192
  C:027FH         LINE#         193
  C:027FH         LINE#         194
  C:0282H         LINE#         195
  C:0289H         LINE#         196
  C:028BH         LINE#         197
  C:028DH         LINE#         200
  -------         ENDPROC       _S1201_WRITESTR
  -------         PROC          _S1201_WRITEUSERFONT
  X:003AH         SYMBOL        x
  D:0005H         SYMBOL        y
  X:003BH         SYMBOL        s
  -------         DO            
  D:0004H         SYMBOL        i
  X:003EH         SYMBOL        ii
  -------         ENDDO         
  C:0116H         LINE#         207
  C:0124H         LINE#         208
  C:0124H         LINE#         209
  C:0126H         LINE#         210
  C:0128H         LINE#         211
  C:012AH         LINE#         212
  C:0131H         LINE#         214
  C:013BH         LINE#         215
  C:0155H         LINE#         216
  C:0157H         LINE#         218
  C:0159H         LINE#         219
  C:0163H         LINE#         220
  C:0168H         LINE#         221
  C:016AH         LINE#         224
  -------         ENDPROC       _S1201_WRITEUSERFONT
  C:010DH         SYMBOL        L?0043
  -------         PROC          MAIN
  C:008FH         LINE#         227
  C:008FH         LINE#         228
  C:008FH         LINE#         230
  C:0092H         LINE#         231
  C:0094H         LINE#         232
  C:0096H         LINE#         233
  C:0098H         LINE#         234
  C:009AH         LINE#         235
  C:009CH         LINE#         238
  C:009EH         LINE#         239
  C:00A4H         LINE#         240
  C:00A6H         LINE#         242
  C:00A9H         LINE#         243
  C:00AEH         LINE#         244
  C:00B5H         LINE#         246
  C:00B8H         LINE#         248
  C:00B8H         LINE#         249
  C:00B8H         LINE#         250
  C:00BEH         LINE#         251
  C:00C9H         LINE#         252
  C:00D6H         LINE#         253
BL51 BANKED LINKER/LOCATER V6.22.2.0                                                  07/09/2021  10:07:45  PAGE 7


  C:00DCH         LINE#         254
  C:00E9H         LINE#         255
  C:00F5H         LINE#         256
  C:00FBH         LINE#         257
  C:0108H         LINE#         258
  C:010BH         LINE#         260
  C:010DH         LINE#         261
  -------         ENDPROC       MAIN
  -------         ENDMOD        1

  -------         MODULE        ?C?CLDPTR
  C:016BH         PUBLIC        ?C?CLDPTR
  -------         ENDMOD        ?C?CLDPTR

  -------         MODULE        ?C?CLDOPTR
  C:0184H         PUBLIC        ?C?CLDOPTR
  -------         ENDMOD        ?C?CLDOPTR

*** WARNING L16: UNCALLED SEGMENT, IGNORED FOR OVERLAY PROCESS
    SEGMENT: ?PR?LIANGSET?1

Program Size: data=9.0 xdata=63 code=714
LINK/LOCATE RUN COMPLETE.  1 WARNING(S),  0 ERROR(S)
